Welcome to Cloud Shell! Type "help" to get started, or type "gemini" to try prompting with Gemini CLI.
Your Cloud Platform project in this session is set to cmpe297-homework2-476500.
Use `gcloud config set project [PROJECT_ID]` to change to a different project.
dustin_t_nguyen@cloudshell:~ (cmpe297-homework2-476500)$ gcloud auth list
Credentialed Accounts

ACTIVE: *
ACCOUNT: dustin.t.nguyen@sjsu.edu

To set the active account, run:
    $ gcloud config set account `ACCOUNT`

dustin_t_nguyen@cloudshell:~ (cmpe297-homework2-476500)$ gcloud config list project
[core]
project = cmpe297-homework2-476500

Your active configuration is: [cloudshell-27575]
dustin_t_nguyen@cloudshell:~ (cmpe297-homework2-476500)$ gcloud services enable cloudresourcemanager.googleapis.com \
                       servicenetworking.googleapis.com \
                       run.googleapis.com \
                       cloudbuild.googleapis.com \
                       artifactregistry.googleapis.com \
                       aiplatform.googleapis.com \
                       compute.googleapis.com

dad 

Operation "operations/acf.p2-109434127971-129f177d-4409-40a5-ab2e-049741aa7c02" finished successfully.
dustin_t_nguyen@cloudshell:~ (cmpe297-homework2-476500)$ 
dustin_t_nguyen@cloudshell:~ (cmpe297-homework2-476500)$ dad
-bash: dad: command not found
dustin_t_nguyen@cloudshell:~ (cmpe297-homework2-476500)$ 
dustin_t_nguyen@cloudshell:~ (cmpe297-homework2-476500)$ git clone https://github.com/jackwotherspoon/currency-agent.git
Cloning into 'currency-agent'...
remote: Enumerating objects: 198, done.
remote: Counting objects: 100% (198/198), done.
remote: Compressing objects: 100% (133/133), done.
remote: Total 198 (delta 117), reused 129 (delta 58), pack-reused 0 (from 0)
Receiving objects: 100% (198/198), 316.88 KiB | 11.32 MiB/s, done.
Resolving deltas: 100% (117/117), done.
dustin_t_nguyen@cloudshell:~ (cmpe297-homework2-476500)$ cd currency-agent
dustin_t_nguyen@cloudshell:~/currency-agent (cmpe297-homework2-476500)$ curl -LsSf https://astral.sh/uv/install.sh | sh
downloading uv 0.9.5 x86_64-unknown-linux-gnu
no checksums to verify
installing to /home/dustin_t_nguyen/.local/bin
  uv
  uvx
everything's installed!

To add $HOME/.local/bin to your PATH, either restart your shell or run:

    source $HOME/.local/bin/env (sh, bash, zsh)
    source $HOME/.local/bin/env.fish (fish)
WARN: The following commands are shadowed by other commands in your PATH: uv uvx
dustin_t_nguyen@cloudshell:~/currency-agent (cmpe297-homework2-476500)$ uv run mcp-server/server.py
Using CPython 3.12.3 interpreter at: /usr/bin/python3
Creating virtual environment at: .venv
      Built pyperclip==1.9.0
Installed 122 packages in 126ms
[INFO]: 🚀 MCP server started on port 8080


╭─ FastMCP 2.0 ──────────────────────────────────────────────────────────────╮
│                                                                            │
│        _ __ ___ ______           __  __  _____________    ____    ____     │
│       _ __ ___ / ____/___ ______/ /_/  |/  / ____/ __ \  |___ \  / __ \    │
│      _ __ ___ / /_  / __ `/ ___/ __/ /|_/ / /   / /_/ /  ___/ / / / / /    │
│     _ __ ___ / __/ / /_/ (__  ) /_/ /  / / /___/ ____/  /  __/_/ /_/ /     │
│    _ __ ___ /_/    \__,_/____/\__/_/  /_/\____/_/      /_____(_)____/      │
│                                                                            │
│                                                                            │
│                                                                            │
│    🖥️  Server name:     Currency MCP Server 💵                              │
│    📦 Transport:       Streamable-HTTP                                     │
│    🔗 Server URL:      http://0.0.0.0:8080/mcp                             │
│                                                                            │
│    📚 Docs:            https://gofastmcp.com                               │
│    🚀 Deploy:          https://fastmcp.cloud                               │
│                                                                            │
│    🏎️  FastMCP version: 2.11.3                                              │
│    🤝 MCP version:     1.13.1                                              │
│                                                                            │
╰────────────────────────────────────────────────────────────────────────────╯


[10/28/25 00:07:30] INFO     Starting MCP server 'Currency MCP Server 💵' with transport 'http' on http://0.0.0.0:8080/mcp                     server.py:1522
/home/dustin_t_nguyen/currency-agent/.venv/lib/python3.12/site-packages/websockets/legacy/__init__.py:6: DeprecationWarning: websockets.legacy is deprecated; see https://websockets.readthedocs.io/en/stable/howto/upgrade.html for upgrade instructions
  warnings.warn(  # deprecated in 14.0 - 2024-11-09
/home/dustin_t_nguyen/currency-agent/.venv/lib/python3.12/site-packages/uvicorn/protocols/websockets/websockets_impl.py:17: DeprecationWarning: websockets.server.WebSocketServerProtocol is deprecated
  from websockets.server import WebSocketServerProtocol
INFO:     Started server process [2459]
INFO:     Waiting for application startup.
[INFO]: StreamableHTTP session manager started
INFO:     Application startup complete.
INFO:     Uvicorn running on http://0.0.0.0:8080 (Press CTRL+C to quit)
[INFO]: Created new transport with session ID: 7976784628c9462e9dbb96887ddd65ea
INFO:     127.0.0.1:49530 - "POST /mcp HTTP/1.1" 200 OK
INFO:     127.0.0.1:49532 - "POST /mcp HTTP/1.1" 202 Accepted
INFO:     127.0.0.1:49534 - "GET /mcp HTTP/1.1" 200 OK
INFO:     127.0.0.1:49550 - "POST /mcp HTTP/1.1" 200 OK
[INFO]: Processing request of type ListToolsRequest
INFO:     127.0.0.1:49552 - "POST /mcp HTTP/1.1" 200 OK
[INFO]: Processing request of type CallToolRequest
[INFO]: --- 🛠️ Tool: get_exchange_rate called for converting USD to EUR ---
[INFO]: HTTP Request: GET https://api.frankfurter.app/latest?from=USD&to=EUR "HTTP/1.1 200 OK"
[INFO]: ✅ API response: {'amount': 1.0, 'base': 'USD', 'date': '2025-10-27', 'rates': {'EUR': 0.85911}}
[INFO]: Terminating session: 7976784628c9462e9dbb96887ddd65ea
INFO:     127.0.0.1:55040 - "DELETE /mcp HTTP/1.1" 200 OK
^C^CINFO:     Shutting down
ERROR:    Cancel 0 running task(s), timeout graceful shutdown exceeded
INFO:     Finished server process [2459]
[INFO]: StreamableHTTP session manager shutting down
ERROR:    Traceback (most recent call last):
  File "/usr/lib/python3.12/asyncio/runners.py", line 194, in run
    return runner.run(main)
           ^^^^^^^^^^^^^^^^
  File "/usr/lib/python3.12/asyncio/runners.py", line 118, in run
    return self._loop.run_until_complete(task)
           ^^^^^^^^^^^^^^^^^^^^^^^^^^^^^^^^^^^
  File "/usr/lib/python3.12/asyncio/base_events.py", line 674, in run_until_complete
    self.run_forever()
  File "/usr/lib/python3.12/asyncio/base_events.py", line 641, in run_forever
    self._run_once()
  File "/usr/lib/python3.12/asyncio/base_events.py", line 1987, in _run_once
    handle._run()
  File "/usr/lib/python3.12/asyncio/events.py", line 88, in _run
    self._context.run(self._callback, *self._args)
  File "/home/dustin_t_nguyen/currency-agent/.venv/lib/python3.12/site-packages/fastmcp/server/server.py", line 332, in run_async
    await self.run_http_async(
  File "/home/dustin_t_nguyen/currency-agent/.venv/lib/python3.12/site-packages/fastmcp/server/server.py", line 1526, in run_http_async
    await server.serve()
  File "/home/dustin_t_nguyen/currency-agent/.venv/lib/python3.12/site-packages/uvicorn/server.py", line 70, in serve
    with self.capture_signals():
  File "/usr/lib/python3.12/contextlib.py", line 144, in __exit__
    next(self.gen)
  File "/home/dustin_t_nguyen/currency-agent/.venv/lib/python3.12/site-packages/uvicorn/server.py", line 331, in capture_signals
    signal.raise_signal(captured_signal)
  File "/usr/lib/python3.12/asyncio/runners.py", line 157, in _on_sigint
    raise KeyboardInterrupt()
KeyboardInterrupt

During handling of the above exception, another exception occurred:

Traceback (most recent call last):
  File "/home/dustin_t_nguyen/currency-agent/.venv/lib/python3.12/site-packages/starlette/routing.py", line 701, in lifespan
    await receive()
  File "/home/dustin_t_nguyen/currency-agent/.venv/lib/python3.12/site-packages/uvicorn/lifespan/on.py", line 137, in receive
    return await self.receive_queue.get()
           ^^^^^^^^^^^^^^^^^^^^^^^^^^^^^^
  File "/usr/lib/python3.12/asyncio/queues.py", line 158, in get
    await getter
asyncio.exceptions.CancelledError

Traceback (most recent call last):
  File "/home/dustin_t_nguyen/currency-agent/mcp-server/server.py", line 57, in <module>
    asyncio.run(
  File "/usr/lib/python3.12/asyncio/runners.py", line 194, in run
    return runner.run(main)
           ^^^^^^^^^^^^^^^^
  File "/usr/lib/python3.12/asyncio/runners.py", line 118, in run
    return self._loop.run_until_complete(task)
           ^^^^^^^^^^^^^^^^^^^^^^^^^^^^^^^^^^^
  File "/usr/lib/python3.12/asyncio/base_events.py", line 674, in run_until_complete
    self.run_forever()
  File "/usr/lib/python3.12/asyncio/base_events.py", line 641, in run_forever
    self._run_once()
  File "/usr/lib/python3.12/asyncio/base_events.py", line 1987, in _run_once
    handle._run()
  File "/usr/lib/python3.12/asyncio/events.py", line 88, in _run
    self._context.run(self._callback, *self._args)
  File "/home/dustin_t_nguyen/currency-agent/.venv/lib/python3.12/site-packages/fastmcp/server/server.py", line 332, in run_async
    await self.run_http_async(
  File "/home/dustin_t_nguyen/currency-agent/.venv/lib/python3.12/site-packages/fastmcp/server/server.py", line 1526, in run_http_async
    await server.serve()
  File "/home/dustin_t_nguyen/currency-agent/.venv/lib/python3.12/site-packages/uvicorn/server.py", line 70, in serve
    with self.capture_signals():
  File "/usr/lib/python3.12/contextlib.py", line 144, in __exit__
    next(self.gen)
  File "/home/dustin_t_nguyen/currency-agent/.venv/lib/python3.12/site-packages/uvicorn/server.py", line 331, in capture_signals
    signal.raise_signal(captured_signal)
  File "/usr/lib/python3.12/asyncio/runners.py", line 157, in _on_sigint
    raise KeyboardInterrupt()
KeyboardInterrupt
dustin_t_nguyen@cloudshell:~/currency-agent (cmpe297-homework2-476500)$ cd mcp-server
dustin_t_nguyen@cloudshell:~/currency-agent/mcp-server (cmpe297-homework2-476500)$ gcloud run deploy mcp-server --no-allow-unauthenticated --region=us-central1 --source .
Deploying from source requires an Artifact Registry Docker repository to store built containers. A repository named [cloud-run-source-deploy] in region 
[us-central1] will be created.

Do you want to continue (Y/n)?  Y

Building using Dockerfile and deploying container to Cloud Run service [mcp-server] in project [cmpe297-homework2-476500] region [us-central1]
Building and deploying new service...                                                                                                                       
  Creating Container Repository...done                                                                                                                      
  Uploading sources...done                                                                                                                                  
  Building Container... Logs are available at [https://console.cloud.google.com/cloud-build/builds;region=us-central1/e0d6661c-b847-4f14-841f-575bf6703831?p
  roject=109434127971]....done                                                                                                                              
  Creating Revision...done                                                                                                                                  
  Routing traffic...done                                                                                                                                    
Done.                                                                                                                                                       
Service [mcp-server] revision [mcp-server-00001-4zk] has been deployed and is serving 100 percent of traffic.
Service URL: https://mcp-server-109434127971.us-central1.run.app
dustin_t_nguyen@cloudshell:~/currency-agent/mcp-server (cmpe297-homework2-476500)$ cd ..
dustin_t_nguyen@cloudshell:~/currency-agent (cmpe297-homework2-476500)$ run mcp-server/test-server/py
-bash: run: command not found
dustin_t_nguyen@cloudshell:~/currency-agent (cmpe297-homework2-476500)$ uv run mcp-server/test-server/py
error: Failed to spawn: `mcp-server/test-server/py`
  Caused by: No such file or directory (os error 2)
dustin_t_nguyen@cloudshell:~/currency-agent (cmpe297-homework2-476500)$ uv run mcp-server/test-server.py
error: Failed to spawn: `mcp-server/test-server.py`
  Caused by: No such file or directory (os error 2)
dustin_t_nguyen@cloudshell:~/currency-agent (cmpe297-homework2-476500)$ uv run mcp-server/test_server.py
Traceback (most recent call last):
  File "/home/dustin_t_nguyen/currency-agent/.venv/lib/python3.12/site-packages/fastmcp/client/client.py", line 467, in _session_runner
    await stack.enter_async_context(self._context_manager())
  File "/usr/lib/python3.12/contextlib.py", line 659, in enter_async_context
    result = await _enter(cm)
             ^^^^^^^^^^^^^^^^
  File "/usr/lib/python3.12/contextlib.py", line 210, in __aenter__
    return await anext(self.gen)
           ^^^^^^^^^^^^^^^^^^^^^
  File "/home/dustin_t_nguyen/currency-agent/.venv/lib/python3.12/site-packages/fastmcp/client/client.py", line 341, in _context_manager
    with catch(get_catch_handlers()):
  File "/home/dustin_t_nguyen/currency-agent/.venv/lib/python3.12/site-packages/exceptiongroup/_catch.py", line 39, in __exit__
    raise unhandled from exc.__cause__
  File "/home/dustin_t_nguyen/currency-agent/.venv/lib/python3.12/site-packages/exceptiongroup/_catch.py", line 65, in handle_exception
    result = handler(matched)
             ^^^^^^^^^^^^^^^^
  File "/home/dustin_t_nguyen/currency-agent/.venv/lib/python3.12/site-packages/fastmcp/utilities/exceptions.py", line 29, in _exception_handler
    raise leaf
  File "/home/dustin_t_nguyen/currency-agent/.venv/lib/python3.12/site-packages/mcp/client/streamable_http.py", line 407, in handle_request_async
    await self._handle_post_request(ctx)
  File "/home/dustin_t_nguyen/currency-agent/.venv/lib/python3.12/site-packages/mcp/client/streamable_http.py", line 260, in _handle_post_request
    async with ctx.client.stream(
  File "/usr/lib/python3.12/contextlib.py", line 210, in __aenter__
    return await anext(self.gen)
           ^^^^^^^^^^^^^^^^^^^^^
  File "/home/dustin_t_nguyen/currency-agent/.venv/lib/python3.12/site-packages/httpx/_client.py", line 1583, in stream
    response = await self.send(
               ^^^^^^^^^^^^^^^^
  File "/home/dustin_t_nguyen/currency-agent/.venv/lib/python3.12/site-packages/httpx/_client.py", line 1629, in send
    response = await self._send_handling_auth(
               ^^^^^^^^^^^^^^^^^^^^^^^^^^^^^^^
  File "/home/dustin_t_nguyen/currency-agent/.venv/lib/python3.12/site-packages/httpx/_client.py", line 1657, in _send_handling_auth
    response = await self._send_handling_redirects(
               ^^^^^^^^^^^^^^^^^^^^^^^^^^^^^^^^^^^^
  File "/home/dustin_t_nguyen/currency-agent/.venv/lib/python3.12/site-packages/httpx/_client.py", line 1694, in _send_handling_redirects
    response = await self._send_single_request(request)
               ^^^^^^^^^^^^^^^^^^^^^^^^^^^^^^^^^^^^^^^^
  File "/home/dustin_t_nguyen/currency-agent/.venv/lib/python3.12/site-packages/httpx/_client.py", line 1730, in _send_single_request
    response = await transport.handle_async_request(request)
               ^^^^^^^^^^^^^^^^^^^^^^^^^^^^^^^^^^^^^^^^^^^^^
  File "/home/dustin_t_nguyen/currency-agent/.venv/lib/python3.12/site-packages/httpx/_transports/default.py", line 393, in handle_async_request
    with map_httpcore_exceptions():
  File "/usr/lib/python3.12/contextlib.py", line 158, in __exit__
    self.gen.throw(value)
  File "/home/dustin_t_nguyen/currency-agent/.venv/lib/python3.12/site-packages/httpx/_transports/default.py", line 118, in map_httpcore_exceptions
    raise mapped_exc(message) from exc
httpx.ConnectError: All connection attempts failed

The above exception was the direct cause of the following exception:

Traceback (most recent call last):
  File "/home/dustin_t_nguyen/currency-agent/mcp-server/test_server.py", line 23, in <module>
    asyncio.run(test_server())
  File "/usr/lib/python3.12/asyncio/runners.py", line 194, in run
    return runner.run(main)
           ^^^^^^^^^^^^^^^^
  File "/usr/lib/python3.12/asyncio/runners.py", line 118, in run
    return self._loop.run_until_complete(task)
           ^^^^^^^^^^^^^^^^^^^^^^^^^^^^^^^^^^^
  File "/usr/lib/python3.12/asyncio/base_events.py", line 687, in run_until_complete
    return future.result()
           ^^^^^^^^^^^^^^^
  File "/home/dustin_t_nguyen/currency-agent/mcp-server/test_server.py", line 9, in test_server
    async with Client("http://localhost:8080/mcp") as client:
  File "/home/dustin_t_nguyen/currency-agent/.venv/lib/python3.12/site-packages/fastmcp/client/client.py", line 362, in __aenter__
    return await self._connect()
           ^^^^^^^^^^^^^^^^^^^^^
  File "/home/dustin_t_nguyen/currency-agent/.venv/lib/python3.12/site-packages/fastmcp/client/client.py", line 406, in _connect
    raise RuntimeError(
RuntimeError: Client failed to connect: All connection attempts failed
dustin_t_nguyen@cloudshell:~/currency-agent (cmpe297-homework2-476500)$ uv run mcp-server/server.py
[INFO]: 🚀 MCP server started on port 8080


╭─ FastMCP 2.0 ──────────────────────────────────────────────────────────────╮
│                                                                            │
│        _ __ ___ ______           __  __  _____________    ____    ____     │
│       _ __ ___ / ____/___ ______/ /_/  |/  / ____/ __ \  |___ \  / __ \    │
│      _ __ ___ / /_  / __ `/ ___/ __/ /|_/ / /   / /_/ /  ___/ / / / / /    │
│     _ __ ___ / __/ / /_/ (__  ) /_/ /  / / /___/ ____/  /  __/_/ /_/ /     │
│    _ __ ___ /_/    \__,_/____/\__/_/  /_/\____/_/      /_____(_)____/      │
│                                                                            │
│                                                                            │
│                                                                            │
│    🖥️  Server name:     Currency MCP Server 💵                              │
│    📦 Transport:       Streamable-HTTP                                     │
│    🔗 Server URL:      http://0.0.0.0:8080/mcp                             │
│                                                                            │
│    📚 Docs:            https://gofastmcp.com                               │
│    🚀 Deploy:          https://fastmcp.cloud                               │
│                                                                            │
│    🏎️  FastMCP version: 2.11.3                                              │
│    🤝 MCP version:     1.13.1                                              │
│                                                                            │
╰────────────────────────────────────────────────────────────────────────────╯


[10/28/25 00:13:56] INFO     Starting MCP server 'Currency MCP Server 💵' with transport 'http' on http://0.0.0.0:8080/mcp                     server.py:1522
/home/dustin_t_nguyen/currency-agent/.venv/lib/python3.12/site-packages/websockets/legacy/__init__.py:6: DeprecationWarning: websockets.legacy is deprecated; see https://websockets.readthedocs.io/en/stable/howto/upgrade.html for upgrade instructions
  warnings.warn(  # deprecated in 14.0 - 2024-11-09
/home/dustin_t_nguyen/currency-agent/.venv/lib/python3.12/site-packages/uvicorn/protocols/websockets/websockets_impl.py:17: DeprecationWarning: websockets.server.WebSocketServerProtocol is deprecated
  from websockets.server import WebSocketServerProtocol
INFO:     Started server process [2907]
INFO:     Waiting for application startup.
[INFO]: StreamableHTTP session manager started
INFO:     Application startup complete.
INFO:     Uvicorn running on http://0.0.0.0:8080 (Press CTRL+C to quit)
[INFO]: Created new transport with session ID: 53c54ce546d4417c915d71ca89506e8b
INFO:     127.0.0.1:49732 - "POST /mcp HTTP/1.1" 200 OK
INFO:     127.0.0.1:49752 - "GET /mcp HTTP/1.1" 200 OK
INFO:     127.0.0.1:49744 - "POST /mcp HTTP/1.1" 202 Accepted
INFO:     127.0.0.1:49766 - "POST /mcp HTTP/1.1" 200 OK
[INFO]: Processing request of type ListToolsRequest
INFO:     127.0.0.1:49782 - "POST /mcp HTTP/1.1" 200 OK
[INFO]: Processing request of type CallToolRequest
[INFO]: --- 🛠️ Tool: get_exchange_rate called for converting USD to EUR ---
[INFO]: HTTP Request: GET https://api.frankfurter.app/latest?from=USD&to=EUR "HTTP/1.1 200 OK"
[INFO]: ✅ API response: {'amount': 1.0, 'base': 'USD', 'date': '2025-10-27', 'rates': {'EUR': 0.85911}}
[INFO]: Terminating session: 53c54ce546d4417c915d71ca89506e8b
INFO:     127.0.0.1:49790 - "DELETE /mcp HTTP/1.1" 200 OK
[INFO]: Created new transport with session ID: ceaa030038ce429d81cf533e59c033c1
INFO:     127.0.0.1:60456 - "POST /mcp HTTP/1.1" 200 OK
INFO:     127.0.0.1:60464 - "GET /mcp HTTP/1.1" 200 OK
INFO:     127.0.0.1:60458 - "POST /mcp HTTP/1.1" 202 Accepted
INFO:     127.0.0.1:60470 - "POST /mcp HTTP/1.1" 200 OK
[INFO]: Processing request of type ListToolsRequest
[INFO]: Terminating session: ceaa030038ce429d81cf533e59c033c1
INFO:     127.0.0.1:46628 - "DELETE /mcp HTTP/1.1" 200 OK
[INFO]: Created new transport with session ID: 3c9a910f511345c68a248e2137347d45
INFO:     127.0.0.1:46632 - "POST /mcp HTTP/1.1" 200 OK
INFO:     127.0.0.1:46636 - "POST /mcp HTTP/1.1" 202 Accepted
INFO:     127.0.0.1:46642 - "GET /mcp HTTP/1.1" 200 OK
INFO:     127.0.0.1:46648 - "POST /mcp HTTP/1.1" 200 OK
[INFO]: Processing request of type ListToolsRequest
[INFO]: Terminating session: 3c9a910f511345c68a248e2137347d45
INFO:     127.0.0.1:41210 - "DELETE /mcp HTTP/1.1" 200 OK
[INFO]: Created new transport with session ID: 0fce2673b9e8409a8535dacaecb74fa7
INFO:     127.0.0.1:41214 - "POST /mcp HTTP/1.1" 200 OK
INFO:     127.0.0.1:41224 - "POST /mcp HTTP/1.1" 202 Accepted
INFO:     127.0.0.1:41234 - "GET /mcp HTTP/1.1" 200 OK
INFO:     127.0.0.1:41238 - "POST /mcp HTTP/1.1" 200 OK
[INFO]: Processing request of type ListToolsRequest
[INFO]: Terminating session: 0fce2673b9e8409a8535dacaecb74fa7
INFO:     127.0.0.1:42228 - "DELETE /mcp HTTP/1.1" 200 OK
[INFO]: Created new transport with session ID: b24434417a5642bba048c9a9b9fa61b1
INFO:     127.0.0.1:42238 - "POST /mcp HTTP/1.1" 200 OK
INFO:     127.0.0.1:42246 - "POST /mcp HTTP/1.1" 202 Accepted
INFO:     127.0.0.1:42260 - "GET /mcp HTTP/1.1" 200 OK
INFO:     127.0.0.1:42272 - "POST /mcp HTTP/1.1" 200 OK
[INFO]: Processing request of type ListToolsRequest
INFO:     127.0.0.1:40236 - "POST /mcp HTTP/1.1" 200 OK
[INFO]: Processing request of type CallToolRequest
[INFO]: --- 🛠️ Tool: get_exchange_rate called for converting CAD to USD ---
[INFO]: HTTP Request: GET https://api.frankfurter.app/latest?from=CAD&to=USD "HTTP/1.1 200 OK"
[INFO]: ✅ API response: {'amount': 1.0, 'base': 'CAD', 'date': '2025-10-27', 'rates': {'USD': 0.71516}}
INFO:     127.0.0.1:40246 - "POST /mcp HTTP/1.1" 200 OK
[INFO]: Processing request of type ListToolsRequest
[INFO]: Terminating session: b24434417a5642bba048c9a9b9fa61b1
INFO:     127.0.0.1:46396 - "DELETE /mcp HTTP/1.1" 200 OK
[INFO]: Created new transport with session ID: bc539c148ffa410c9bdee211108a3367
INFO:     127.0.0.1:46402 - "POST /mcp HTTP/1.1" 200 OK
INFO:     127.0.0.1:46414 - "POST /mcp HTTP/1.1" 202 Accepted
INFO:     127.0.0.1:46416 - "GET /mcp HTTP/1.1" 200 OK
INFO:     127.0.0.1:46418 - "POST /mcp HTTP/1.1" 200 OK
[INFO]: Processing request of type ListToolsRequest
INFO:     127.0.0.1:46424 - "POST /mcp HTTP/1.1" 200 OK
[INFO]: Processing request of type CallToolRequest
[INFO]: --- 🛠️ Tool: get_exchange_rate called for converting CAD to USD ---
[INFO]: HTTP Request: GET https://api.frankfurter.app/latest?from=CAD&to=USD "HTTP/1.1 200 OK"
[INFO]: ✅ API response: {'amount': 1.0, 'base': 'CAD', 'date': '2025-10-27', 'rates': {'USD': 0.71516}}
INFO:     127.0.0.1:46426 - "POST /mcp HTTP/1.1" 200 OK
[INFO]: Processing request of type ListToolsRequest
[INFO]: Created new transport with session ID: d3be50b5863e4792aa6eb41122e4ea68
INFO:     127.0.0.1:56530 - "POST /mcp HTTP/1.1" 200 OK
INFO:     127.0.0.1:56534 - "POST /mcp HTTP/1.1" 202 Accepted
INFO:     127.0.0.1:56548 - "GET /mcp HTTP/1.1" 200 OK
INFO:     127.0.0.1:56552 - "POST /mcp HTTP/1.1" 200 OK
[INFO]: Processing request of type ListToolsRequest
INFO:     127.0.0.1:56556 - "POST /mcp HTTP/1.1" 200 OK
[INFO]: Processing request of type ListToolsRequest
INFO:     127.0.0.1:54830 - "POST /mcp HTTP/1.1" 200 OK
[INFO]: Processing request of type ListToolsRequest
INFO:     127.0.0.1:54834 - "POST /mcp HTTP/1.1" 200 OK
[INFO]: Processing request of type CallToolRequest
[INFO]: --- 🛠️ Tool: get_exchange_rate called for converting USD to CAD ---
[INFO]: HTTP Request: GET https://api.frankfurter.app/latest?from=USD&to=CAD "HTTP/1.1 200 OK"
[INFO]: ✅ API response: {'amount': 1.0, 'base': 'USD', 'date': '2025-10-27', 'rates': {'CAD': 1.3983}}
INFO:     127.0.0.1:54838 - "POST /mcp HTTP/1.1" 200 OK
[INFO]: Processing request of type ListToolsRequest
INFO:     127.0.0.1:54850 - "POST /mcp HTTP/1.1" 200 OK
[INFO]: Processing request of type ListToolsRequest